ARM Linker, 5.03 [Build 76] [MDK-ARM Lite]

==============================================================================

Section Cross References

    uart.o(.text) refers to gpio.o(.text) for GPIO_InitPort
    main.o(.text) refers to uart.o(.text) for UART0_INIT
    main.o(.text) refers to led.o(.text) for LED_Init
    main.o(.text) refers to gpio.o(.text) for GPIO_SetPinDirection
    main.o(.text) refers to main.o(.data) for Button_1
    led.o(.text) refers to gpio.o(.text) for GPIO_InitPort
    startup_tm4c123.o(RESET) refers to startup_tm4c123.o(STACK) for __initial_sp
    startup_tm4c123.o(RESET) refers to startup_tm4c123.o(.text) for Reset_Handler
    startup_tm4c123.o(.text) refers to entry.o(.ARM.Collect$$$$00000000) for __main
    entry.o(.ARM.Collect$$$$00000000) refers (Special) to entry10a.o(.ARM.Collect$$$$0000000D) for __rt_final_cpp
    entry.o(.ARM.Collect$$$$00000000) refers (Special) to entry11a.o(.ARM.Collect$$$$0000000F) for __rt_final_exit
    entry.o(.ARM.Collect$$$$00000000) refers (Special) to entry7b.o(.ARM.Collect$$$$00000008) for _main_clock
    entry.o(.ARM.Collect$$$$00000000) refers (Special) to entry8b.o(.ARM.Collect$$$$0000000A) for _main_cpp_init
    entry.o(.ARM.Collect$$$$00000000) refers (Special) to entry9a.o(.ARM.Collect$$$$0000000B) for _main_init
    entry.o(.ARM.Collect$$$$00000000) refers (Special) to entry5.o(.ARM.Collect$$$$00000004) for _main_scatterload
    entry.o(.ARM.Collect$$$$00000000) refers (Special) to entry2.o(.ARM.Collect$$$$00000001) for _main_stk
    entry2.o(.ARM.Collect$$$$00000001) refers to entry2.o(.ARM.Collect$$$$00002712) for __lit__00000000
    entry2.o(.ARM.Collect$$$$00002712) refers to startup_tm4c123.o(STACK) for __initial_sp
    entry2.o(__vectab_stack_and_reset_area) refers to startup_tm4c123.o(STACK) for __initial_sp
    entry2.o(__vectab_stack_and_reset_area) refers to entry.o(.ARM.Collect$$$$00000000) for __main
    entry5.o(.ARM.Collect$$$$00000004) refers to init.o(.text) for __scatterload
    entry9a.o(.ARM.Collect$$$$0000000B) refers to main.o(.text) for main
    entry9b.o(.ARM.Collect$$$$0000000C) refers to main.o(.text) for main
    init.o(.text) refers to entry5.o(.ARM.Collect$$$$00000004) for __main_after_scatterload


==============================================================================

Removing Unused input sections from the image.

    Removing startup_tm4c123.o(HEAP), (0 bytes).

1 unused section(s) (total 0 bytes) removed from the image.

==============================================================================

Image Symbol Table

    Local Symbols

    Symbol Name                              Value     Ov Type        Size  Object(Section)

    RESET                                    0x00000000   Section      620  startup_tm4c123.o(RESET)
    ../clib/microlib/init/entry.s            0x00000000   Number         0  entry9b.o ABSOLUTE
    ../clib/microlib/init/entry.s            0x00000000   Number         0  entry8b.o ABSOLUTE
    ../clib/microlib/init/entry.s            0x00000000   Number         0  entry9a.o ABSOLUTE
    ../clib/microlib/init/entry.s            0x00000000   Number         0  entry8a.o ABSOLUTE
    ../clib/microlib/init/entry.s            0x00000000   Number         0  entry.o ABSOLUTE
    ../clib/microlib/init/entry.s            0x00000000   Number         0  entry2.o ABSOLUTE
    ../clib/microlib/init/entry.s            0x00000000   Number         0  entry7b.o ABSOLUTE
    ../clib/microlib/init/entry.s            0x00000000   Number         0  entry7a.o ABSOLUTE
    ../clib/microlib/init/entry.s            0x00000000   Number         0  entry5.o ABSOLUTE
    ../clib/microlib/init/entry.s            0x00000000   Number         0  entry10a.o ABSOLUTE
    ../clib/microlib/init/entry.s            0x00000000   Number         0  entry10b.o ABSOLUTE
    ../clib/microlib/init/entry.s            0x00000000   Number         0  entry11a.o ABSOLUTE
    ../clib/microlib/init/entry.s            0x00000000   Number         0  entry11b.o ABSOLUTE
    GPIO.c                                   0x00000000   Number         0  gpio.o ABSOLUTE
    LED.c                                    0x00000000   Number         0  led.o ABSOLUTE
    UART.c                                   0x00000000   Number         0  uart.o ABSOLUTE
    dc.s                                     0x00000000   Number         0  dc.o ABSOLUTE
    handlers.s                               0x00000000   Number         0  handlers.o ABSOLUTE
    init.s                                   0x00000000   Number         0  init.o ABSOLUTE
    main.c                                   0x00000000   Number         0  main.o ABSOLUTE
    startup_TM4C123.s                        0x00000000   Number         0  startup_tm4c123.o ABSOLUTE
    .ARM.Collect$$$$00000000                 0x0000026c   Section        0  entry.o(.ARM.Collect$$$$00000000)
    .ARM.Collect$$$$00000001                 0x0000026c   Section        4  entry2.o(.ARM.Collect$$$$00000001)
    .ARM.Collect$$$$00000004                 0x00000270   Section        4  entry5.o(.ARM.Collect$$$$00000004)
    .ARM.Collect$$$$00000008                 0x00000274   Section        0  entry7b.o(.ARM.Collect$$$$00000008)
    .ARM.Collect$$$$0000000A                 0x00000274   Section        0  entry8b.o(.ARM.Collect$$$$0000000A)
    .ARM.Collect$$$$0000000B                 0x00000274   Section        8  entry9a.o(.ARM.Collect$$$$0000000B)
    .ARM.Collect$$$$0000000D                 0x0000027c   Section        0  entry10a.o(.ARM.Collect$$$$0000000D)
    .ARM.Collect$$$$0000000F                 0x0000027c   Section        0  entry11a.o(.ARM.Collect$$$$0000000F)
    .ARM.Collect$$$$00002712                 0x0000027c   Section        4  entry2.o(.ARM.Collect$$$$00002712)
    __lit__00000000                          0x0000027c   Data           4  entry2.o(.ARM.Collect$$$$00002712)
    .text                                    0x00000280   Section        0  gpio.o(.text)
    .text                                    0x00000af0   Section        0  uart.o(.text)
    .text                                    0x00000cd4   Section        0  main.o(.text)
    .text                                    0x00000d14   Section        0  led.o(.text)
    .text                                    0x00000d90   Section      244  startup_tm4c123.o(.text)
    $v0                                      0x00000d90   Number         0  startup_tm4c123.o(.text)
    .text                                    0x00000e84   Section       36  init.o(.text)
    i.__scatterload_copy                     0x00000ea8   Section       14  handlers.o(i.__scatterload_copy)
    i.__scatterload_null                     0x00000eb6   Section        2  handlers.o(i.__scatterload_null)
    i.__scatterload_zeroinit                 0x00000eb8   Section       14  handlers.o(i.__scatterload_zeroinit)
    .data                                    0x20000000   Section        4  main.o(.data)
    STACK                                    0x20000008   Section      512  startup_tm4c123.o(STACK)

    Global Symbols

    Symbol Name                              Value     Ov Type        Size  Object(Section)

    BuildAttributes$$THM_ISAv4$E$P$D$K$B$S$7EM$VFPi3$EXTD16$VFPS$VFMA$PE$A:L22UL41UL21$X:L11$S22US41US21$IEEE1$IW$USESV6$~STKCKD$USESV7$~SHL$OSPACE$EBA8$MICROLIB$REQ8$PRES8$EABIv2 0x00000000   Number         0  anon$$obj.o ABSOLUTE
    __ARM_use_no_argv                        0x00000000   Number         0  main.o ABSOLUTE
    __Vectors                                0x00000000   Data           4  startup_tm4c123.o(RESET)
    __cpp_initialize__aeabi_                  - Undefined Weak Reference
    __cxa_finalize                            - Undefined Weak Reference
    __decompress                              - Undefined Weak Reference
    _clock_init                               - Undefined Weak Reference
    _microlib_exit                            - Undefined Weak Reference
    __Vectors_End                            0x0000026c   Data           0  startup_tm4c123.o(RESET)
    __Vectors_Size                           0x0000026c   Number         0  startup_tm4c123.o ABSOLUTE
    __main                                   0x0000026d   Thumb Code     0  entry.o(.ARM.Collect$$$$00000000)
    _main_stk                                0x0000026d   Thumb Code     0  entry2.o(.ARM.Collect$$$$00000001)
    _main_scatterload                        0x00000271   Thumb Code     0  entry5.o(.ARM.Collect$$$$00000004)
    __main_after_scatterload                 0x00000275   Thumb Code     0  entry5.o(.ARM.Collect$$$$00000004)
    _main_clock                              0x00000275   Thumb Code     0  entry7b.o(.ARM.Collect$$$$00000008)
    _main_cpp_init                           0x00000275   Thumb Code     0  entry8b.o(.ARM.Collect$$$$0000000A)
    _main_init                               0x00000275   Thumb Code     0  entry9a.o(.ARM.Collect$$$$0000000B)
    __rt_final_cpp                           0x0000027d   Thumb Code     0  entry10a.o(.ARM.Collect$$$$0000000D)
    __rt_final_exit                          0x0000027d   Thumb Code     0  entry11a.o(.ARM.Collect$$$$0000000F)
    GPIO_InitPort                            0x00000281   Thumb Code   286  gpio.o(.text)
    GPIO_SetPinDirection                     0x0000039f   Thumb Code   384  gpio.o(.text)
    GPIO_SetPinValue                         0x0000051f   Thumb Code   536  gpio.o(.text)
    GPIO_GetPinValue                         0x00000737   Thumb Code   214  gpio.o(.text)
    GPIO_SetPortDirection                    0x0000080d   Thumb Code   272  gpio.o(.text)
    GPIO_SetPortValue                        0x0000091d   Thumb Code   102  gpio.o(.text)
    GPIO_GetPortValue                        0x00000983   Thumb Code   114  gpio.o(.text)
    GPIO_TogglePinValue                      0x000009f5   Thumb Code   208  gpio.o(.text)
    UART0_INIT                               0x00000af1   Thumb Code   100  uart.o(.text)
    UART2_INIT                               0x00000b55   Thumb Code   122  uart.o(.text)
    UART6_INIT                               0x00000bcf   Thumb Code   108  uart.o(.text)
    UART0_READ                               0x00000c3b   Thumb Code    20  uart.o(.text)
    UART0_WRITE                              0x00000c4f   Thumb Code    18  uart.o(.text)
    UART2_READ                               0x00000c61   Thumb Code    20  uart.o(.text)
    UART2_WRITE                              0x00000c75   Thumb Code    18  uart.o(.text)
    UART6_READ                               0x00000c87   Thumb Code    20  uart.o(.text)
    UART6_WRITE                              0x00000c9b   Thumb Code    18  uart.o(.text)
    main                                     0x00000cd5   Thumb Code    58  main.o(.text)
    LED_Init                                 0x00000d15   Thumb Code    40  led.o(.text)
    LED_RedON                                0x00000d3d   Thumb Code    14  led.o(.text)
    LED_BlueON                               0x00000d4b   Thumb Code    14  led.o(.text)
    LED_GreenON                              0x00000d59   Thumb Code    14  led.o(.text)
    LED_RedOFF                               0x00000d67   Thumb Code    14  led.o(.text)
    LED_BlueOFF                              0x00000d75   Thumb Code    14  led.o(.text)
    LED_GreenOFF                             0x00000d83   Thumb Code    14  led.o(.text)
    Reset_Handler                            0x00000d91   Thumb Code     4  startup_tm4c123.o(.text)
    NMI_Handler                              0x00000d95   Thumb Code     2  startup_tm4c123.o(.text)
    HardFault_Handler                        0x00000d97   Thumb Code     2  startup_tm4c123.o(.text)
    MemManage_Handler                        0x00000d99   Thumb Code     2  startup_tm4c123.o(.text)
    BusFault_Handler                         0x00000d9b   Thumb Code     2  startup_tm4c123.o(.text)
    UsageFault_Handler                       0x00000d9d   Thumb Code     2  startup_tm4c123.o(.text)
    SVC_Handler                              0x00000d9f   Thumb Code     2  startup_tm4c123.o(.text)
    DebugMon_Handler                         0x00000da1   Thumb Code     2  startup_tm4c123.o(.text)
    PendSV_Handler                           0x00000da3   Thumb Code     2  startup_tm4c123.o(.text)
    SysTick_Handler                          0x00000da5   Thumb Code     2  startup_tm4c123.o(.text)
    GPIOA_Handler                            0x00000da7   Thumb Code     2  startup_tm4c123.o(.text)
    GPIOB_Handler                            0x00000da9   Thumb Code     2  startup_tm4c123.o(.text)
    GPIOC_Handler                            0x00000dab   Thumb Code     2  startup_tm4c123.o(.text)
    GPIOD_Handler                            0x00000dad   Thumb Code     2  startup_tm4c123.o(.text)
    GPIOE_Handler                            0x00000daf   Thumb Code     2  startup_tm4c123.o(.text)
    UART0_Handler                            0x00000db1   Thumb Code     2  startup_tm4c123.o(.text)
    UART1_Handler                            0x00000db3   Thumb Code     2  startup_tm4c123.o(.text)
    SSI0_Handler                             0x00000db5   Thumb Code     2  startup_tm4c123.o(.text)
    I2C0_Handler                             0x00000db7   Thumb Code     2  startup_tm4c123.o(.text)
    PMW0_FAULT_Handler                       0x00000db9   Thumb Code     2  startup_tm4c123.o(.text)
    PWM0_0_Handler                           0x00000dbb   Thumb Code     2  startup_tm4c123.o(.text)
    PWM0_1_Handler                           0x00000dbd   Thumb Code     2  startup_tm4c123.o(.text)
    PWM0_2_Handler                           0x00000dbf   Thumb Code     2  startup_tm4c123.o(.text)
    QEI0_Handler                             0x00000dc1   Thumb Code     2  startup_tm4c123.o(.text)
    ADC0SS0_Handler                          0x00000dc3   Thumb Code     2  startup_tm4c123.o(.text)
    ADC0SS1_Handler                          0x00000dc5   Thumb Code     2  startup_tm4c123.o(.text)
    ADC0SS2_Handler                          0x00000dc7   Thumb Code     2  startup_tm4c123.o(.text)
    ADC0SS3_Handler                          0x00000dc9   Thumb Code     2  startup_tm4c123.o(.text)
    WDT0_Handler                             0x00000dcb   Thumb Code     2  startup_tm4c123.o(.text)
    TIMER0A_Handler                          0x00000dcd   Thumb Code     2  startup_tm4c123.o(.text)
    TIMER0B_Handler                          0x00000dcf   Thumb Code     2  startup_tm4c123.o(.text)
    TIMER1A_Handler                          0x00000dd1   Thumb Code     2  startup_tm4c123.o(.text)
    TIMER1B_Handler                          0x00000dd3   Thumb Code     2  startup_tm4c123.o(.text)
    TIMER2A_Handler                          0x00000dd5   Thumb Code     2  startup_tm4c123.o(.text)
    TIMER2B_Handler                          0x00000dd7   Thumb Code     2  startup_tm4c123.o(.text)
    COMP0_Handler                            0x00000dd9   Thumb Code     2  startup_tm4c123.o(.text)
    COMP1_Handler                            0x00000ddb   Thumb Code     2  startup_tm4c123.o(.text)
    COMP2_Handler                            0x00000ddd   Thumb Code     2  startup_tm4c123.o(.text)
    SYSCTL_Handler                           0x00000ddf   Thumb Code     2  startup_tm4c123.o(.text)
    FLASH_Handler                            0x00000de1   Thumb Code     2  startup_tm4c123.o(.text)
    GPIOF_Handler                            0x00000de3   Thumb Code     2  startup_tm4c123.o(.text)
    GPIOG_Handler                            0x00000de5   Thumb Code     2  startup_tm4c123.o(.text)
    GPIOH_Handler                            0x00000de7   Thumb Code     2  startup_tm4c123.o(.text)
    UART2_Handler                            0x00000de9   Thumb Code     2  startup_tm4c123.o(.text)
    SSI1_Handler                             0x00000deb   Thumb Code     2  startup_tm4c123.o(.text)
    TIMER3A_Handler                          0x00000ded   Thumb Code     2  startup_tm4c123.o(.text)
    TIMER3B_Handler                          0x00000def   Thumb Code     2  startup_tm4c123.o(.text)
    I2C1_Handler                             0x00000df1   Thumb Code     2  startup_tm4c123.o(.text)
    QEI1_Handler                             0x00000df3   Thumb Code     2  startup_tm4c123.o(.text)
    CAN0_Handler                             0x00000df5   Thumb Code     2  startup_tm4c123.o(.text)
    CAN1_Handler                             0x00000df7   Thumb Code     2  startup_tm4c123.o(.text)
    CAN2_Handler                             0x00000df9   Thumb Code     2  startup_tm4c123.o(.text)
    HIB_Handler                              0x00000dfb   Thumb Code     2  startup_tm4c123.o(.text)
    USB0_Handler                             0x00000dfd   Thumb Code     2  startup_tm4c123.o(.text)
    PWM0_3_Handler                           0x00000dff   Thumb Code     2  startup_tm4c123.o(.text)
    UDMA_Handler                             0x00000e01   Thumb Code     2  startup_tm4c123.o(.text)
    UDMAERR_Handler                          0x00000e03   Thumb Code     2  startup_tm4c123.o(.text)
    ADC1SS0_Handler                          0x00000e05   Thumb Code     2  startup_tm4c123.o(.text)
    ADC1SS1_Handler                          0x00000e07   Thumb Code     2  startup_tm4c123.o(.text)
    ADC1SS2_Handler                          0x00000e09   Thumb Code     2  startup_tm4c123.o(.text)
    ADC1SS3_Handler                          0x00000e0b   Thumb Code     2  startup_tm4c123.o(.text)
    GPIOJ_Handler                            0x00000e0d   Thumb Code     2  startup_tm4c123.o(.text)
    GPIOK_Handler                            0x00000e0f   Thumb Code     2  startup_tm4c123.o(.text)
    GPIOL_Handler                            0x00000e11   Thumb Code     2  startup_tm4c123.o(.text)
    SSI2_Handler                             0x00000e13   Thumb Code     2  startup_tm4c123.o(.text)
    SSI3_Handler                             0x00000e15   Thumb Code     2  startup_tm4c123.o(.text)
    UART3_Handler                            0x00000e17   Thumb Code     2  startup_tm4c123.o(.text)
    UART4_Handler                            0x00000e19   Thumb Code     2  startup_tm4c123.o(.text)
    UART5_Handler                            0x00000e1b   Thumb Code     2  startup_tm4c123.o(.text)
    UART6_Handler                            0x00000e1d   Thumb Code     2  startup_tm4c123.o(.text)
    UART7_Handler                            0x00000e1f   Thumb Code     2  startup_tm4c123.o(.text)
    I2C2_Handler                             0x00000e21   Thumb Code     2  startup_tm4c123.o(.text)
    I2C3_Handler                             0x00000e23   Thumb Code     2  startup_tm4c123.o(.text)
    TIMER4A_Handler                          0x00000e25   Thumb Code     2  startup_tm4c123.o(.text)
    TIMER4B_Handler                          0x00000e27   Thumb Code     2  startup_tm4c123.o(.text)
    TIMER5A_Handler                          0x00000e29   Thumb Code     2  startup_tm4c123.o(.text)
    TIMER5B_Handler                          0x00000e2b   Thumb Code     2  startup_tm4c123.o(.text)
    WTIMER0A_Handler                         0x00000e2d   Thumb Code     2  startup_tm4c123.o(.text)
    WTIMER0B_Handler                         0x00000e2f   Thumb Code     2  startup_tm4c123.o(.text)
    WTIMER1A_Handler                         0x00000e31   Thumb Code     2  startup_tm4c123.o(.text)
    WTIMER1B_Handler                         0x00000e33   Thumb Code     2  startup_tm4c123.o(.text)
    WTIMER2A_Handler                         0x00000e35   Thumb Code     2  startup_tm4c123.o(.text)
    WTIMER2B_Handler                         0x00000e37   Thumb Code     2  startup_tm4c123.o(.text)
    WTIMER3A_Handler                         0x00000e39   Thumb Code     2  startup_tm4c123.o(.text)
    WTIMER3B_Handler                         0x00000e3b   Thumb Code     2  startup_tm4c123.o(.text)
    WTIMER4A_Handler                         0x00000e3d   Thumb Code     2  startup_tm4c123.o(.text)
    WTIMER4B_Handler                         0x00000e3f   Thumb Code     2  startup_tm4c123.o(.text)
    WTIMER5A_Handler                         0x00000e41   Thumb Code     2  startup_tm4c123.o(.text)
    WTIMER5B_Handler                         0x00000e43   Thumb Code     2  startup_tm4c123.o(.text)
    FPU_Handler                              0x00000e45   Thumb Code     2  startup_tm4c123.o(.text)
    I2C4_Handler                             0x00000e47   Thumb Code     2  startup_tm4c123.o(.text)
    I2C5_Handler                             0x00000e49   Thumb Code     2  startup_tm4c123.o(.text)
    GPIOM_Handler                            0x00000e4b   Thumb Code     2  startup_tm4c123.o(.text)
    GPION_Handler                            0x00000e4d   Thumb Code     2  startup_tm4c123.o(.text)
    QEI2_Handler                             0x00000e4f   Thumb Code     2  startup_tm4c123.o(.text)
    GPIOP0_Handler                           0x00000e51   Thumb Code     2  startup_tm4c123.o(.text)
    GPIOP1_Handler                           0x00000e53   Thumb Code     2  startup_tm4c123.o(.text)
    GPIOP2_Handler                           0x00000e55   Thumb Code     2  startup_tm4c123.o(.text)
    GPIOP3_Handler                           0x00000e57   Thumb Code     2  startup_tm4c123.o(.text)
    GPIOP4_Handler                           0x00000e59   Thumb Code     2  startup_tm4c123.o(.text)
    GPIOP5_Handler                           0x00000e5b   Thumb Code     2  startup_tm4c123.o(.text)
    GPIOP6_Handler                           0x00000e5d   Thumb Code     2  startup_tm4c123.o(.text)
    GPIOP7_Handler                           0x00000e5f   Thumb Code     2  startup_tm4c123.o(.text)
    GPIOQ0_Handler                           0x00000e61   Thumb Code     2  startup_tm4c123.o(.text)
    GPIOQ1_Handler                           0x00000e63   Thumb Code     2  startup_tm4c123.o(.text)
    GPIOQ2_Handler                           0x00000e65   Thumb Code     2  startup_tm4c123.o(.text)
    GPIOQ3_Handler                           0x00000e67   Thumb Code     2  startup_tm4c123.o(.text)
    GPIOQ4_Handler                           0x00000e69   Thumb Code     2  startup_tm4c123.o(.text)
    GPIOQ5_Handler                           0x00000e6b   Thumb Code     2  startup_tm4c123.o(.text)
    GPIOQ6_Handler                           0x00000e6d   Thumb Code     2  startup_tm4c123.o(.text)
    GPIOQ7_Handler                           0x00000e6f   Thumb Code     2  startup_tm4c123.o(.text)
    GPIOR_Handler                            0x00000e71   Thumb Code     2  startup_tm4c123.o(.text)
    GPIOS_Handler                            0x00000e73   Thumb Code     2  startup_tm4c123.o(.text)
    PMW1_0_Handler                           0x00000e75   Thumb Code     2  startup_tm4c123.o(.text)
    PWM1_1_Handler                           0x00000e77   Thumb Code     2  startup_tm4c123.o(.text)
    PWM1_2_Handler                           0x00000e79   Thumb Code     2  startup_tm4c123.o(.text)
    PWM1_3_Handler                           0x00000e7b   Thumb Code     2  startup_tm4c123.o(.text)
    PWM1_FAULT_Handler                       0x00000e7d   Thumb Code     2  startup_tm4c123.o(.text)
    __scatterload                            0x00000e85   Thumb Code    28  init.o(.text)
    __scatterload_rt2                        0x00000e85   Thumb Code     0  init.o(.text)
    __scatterload_copy                       0x00000ea9   Thumb Code    14  handlers.o(i.__scatterload_copy)
    __scatterload_null                       0x00000eb7   Thumb Code     2  handlers.o(i.__scatterload_null)
    __scatterload_zeroinit                   0x00000eb9   Thumb Code    14  handlers.o(i.__scatterload_zeroinit)
    Region$$Table$$Base                      0x00000ec8   Number         0  anon$$obj.o(Region$$Table)
    Region$$Table$$Limit                     0x00000ee8   Number         0  anon$$obj.o(Region$$Table)
    Button_1                                 0x20000000   Data           4  main.o(.data)
    __initial_sp                             0x20000208   Data           0  startup_tm4c123.o(STACK)



==============================================================================

Memory Map of the image

  Image Entry point : 0x00000d91

  Load Region LR_1 (Base: 0x00000000, Size: 0x00000eec, Max: 0xffffffff, ABSOLUTE)

    Execution Region ER_RO (Base: 0x00000000, Size: 0x00000ee8, Max: 0xffffffff, ABSOLUTE)

    Base Addr    Size         Type   Attr      Idx    E Section Name        Object

    0x00000000   0x0000026c   Data   RO          106    RESET               startup_tm4c123.o
    0x0000026c   0x00000000   Code   RO          112  * .ARM.Collect$$$$00000000  mc_w.l(entry.o)
    0x0000026c   0x00000004   Code   RO          115    .ARM.Collect$$$$00000001  mc_w.l(entry2.o)
    0x00000270   0x00000004   Code   RO          118    .ARM.Collect$$$$00000004  mc_w.l(entry5.o)
    0x00000274   0x00000000   Code   RO          120    .ARM.Collect$$$$00000008  mc_w.l(entry7b.o)
    0x00000274   0x00000000   Code   RO          122    .ARM.Collect$$$$0000000A  mc_w.l(entry8b.o)
    0x00000274   0x00000008   Code   RO          123    .ARM.Collect$$$$0000000B  mc_w.l(entry9a.o)
    0x0000027c   0x00000000   Code   RO          125    .ARM.Collect$$$$0000000D  mc_w.l(entry10a.o)
    0x0000027c   0x00000000   Code   RO          127    .ARM.Collect$$$$0000000F  mc_w.l(entry11a.o)
    0x0000027c   0x00000004   Code   RO          116    .ARM.Collect$$$$00002712  mc_w.l(entry2.o)
    0x00000280   0x00000870   Code   RO            1    .text               gpio.o
    0x00000af0   0x000001e4   Code   RO           30    .text               uart.o
    0x00000cd4   0x00000040   Code   RO           51    .text               main.o
    0x00000d14   0x0000007c   Code   RO           92    .text               led.o
    0x00000d90   0x000000f4   Code   RO          107  * .text               startup_tm4c123.o
    0x00000e84   0x00000024   Code   RO          129    .text               mc_w.l(init.o)
    0x00000ea8   0x0000000e   Code   RO          133    i.__scatterload_copy  mc_w.l(handlers.o)
    0x00000eb6   0x00000002   Code   RO          134    i.__scatterload_null  mc_w.l(handlers.o)
    0x00000eb8   0x0000000e   Code   RO          135    i.__scatterload_zeroinit  mc_w.l(handlers.o)
    0x00000ec6   0x00000002   PAD
    0x00000ec8   0x00000020   Data   RO          131    Region$$Table       anon$$obj.o


    Execution Region ER_RW (Base: 0x20000000, Size: 0x00000004, Max: 0xffffffff, ABSOLUTE)

    Base Addr    Size         Type   Attr      Idx    E Section Name        Object

    0x20000000   0x00000004   Data   RW           52    .data               main.o


    Execution Region ER_ZI (Base: 0x20000004, Size: 0x00000204, Max: 0xffffffff, ABSOLUTE)

    Base Addr    Size         Type   Attr      Idx    E Section Name        Object

    0x20000004   0x00000004   PAD
    0x20000008   0x00000200   Zero   RW          104    STACK               startup_tm4c123.o


==============================================================================

Image component sizes


      Code (inc. data)   RO Data    RW Data    ZI Data      Debug   Object Name

      2160        190          0          0          0       8773   gpio.o
       124          0          0          0          0       1092   led.o
        64          6          0          4          0        606   main.o
       244          6        620          0        512       5372   startup_tm4c123.o
       484         40          0          0          0       1772   uart.o

    ----------------------------------------------------------------------
      3076        242        652          4        516      17615   Object Totals
         0          0         32          0          0          0   (incl. Generated)
         0          0          0          0          4          0   (incl. Padding)

    ----------------------------------------------------------------------

      Code (inc. data)   RO Data    RW Data    ZI Data      Debug   Library Member Name

         0          0          0          0          0          0   entry.o
         0          0          0          0          0          0   entry10a.o
         0          0          0          0          0          0   entry11a.o
         8          4          0          0          0          0   entry2.o
         4          0          0          0          0          0   entry5.o
         0          0          0          0          0          0   entry7b.o
         0          0          0          0          0          0   entry8b.o
         8          4          0          0          0          0   entry9a.o
        30          0          0          0          0          0   handlers.o
        36          8          0          0          0         68   init.o

    ----------------------------------------------------------------------
        88         16          0          0          0         68   Library Totals
         2          0          0          0          0          0   (incl. Padding)

    ----------------------------------------------------------------------

      Code (inc. data)   RO Data    RW Data    ZI Data      Debug   Library Name

        86         16          0          0          0         68   mc_w.l

    ----------------------------------------------------------------------
        88         16          0          0          0         68   Library Totals

    ----------------------------------------------------------------------

==============================================================================


      Code (inc. data)   RO Data    RW Data    ZI Data      Debug   

      3164        258        652          4        516      17483   Grand Totals
      3164        258        652          4        516      17483   ELF Image Totals
      3164        258        652          4          0          0   ROM Totals

==============================================================================

    Total RO  Size (Code + RO Data)                 3816 (   3.73kB)
    Total RW  Size (RW Data + ZI Data)               520 (   0.51kB)
    Total ROM Size (Code + RO Data + RW Data)       3820 (   3.73kB)

==============================================================================

